[    0.000000] Initializing cgroup subsys cpuset
[    0.000000] Initializing cgroup subsys cpu
[    0.000000] Initializing cgroup subsys cpuacct
[    0.000000] Linux version 3.13.0-29-generic (buildd@toyol) (gcc version 4.8.2 (Ubuntu 4.8.2-19ubuntu1) ) #53-Ubuntu SMP Wed Jun 4 21:00:20 UTC 2014 (Ubuntu 3.13.0-29.53-generic 3.13.11.2)
[    0.000000] Command line: BOOT_IMAGE=/boot/vmlinuz-3.13.0-29-generic root=UUID=134e1f8c-f2d4-423a-ac8c-0776b017e35b ro quiet splash vt.handoff=7
[    0.000000] KERNEL supported cpus:
[    0.000000]   Intel GenuineIntel
[    0.000000]   AMD AuthenticAMD
[    0.000000]   Centaur CentaurHauls
[    0.000000] e820: BIOS-provided physical RAM map:
[    0.000000] BIOS-e820: [mem 0x0000000000000000-0x000000000009fbff] usable
[    0.000000] BIOS-e820: [mem 0x000000000009fc00-0x000000000009ffff] reserved
[    0.000000] BIOS-e820: [mem 0x00000000000e0000-0x00000000000fffff] reserved
[    0.000000] BIOS-e820: [mem 0x0000000000100000-0x00000000bdd9ffff] usable
[    0.000000] BIOS-e820: [mem 0x00000000bdda0000-0x00000000bddadfff] ACPI data
[    0.000000] BIOS-e820: [mem 0x00000000bddae000-0x00000000bddeffff] ACPI NVS
[    0.000000] BIOS-e820: [mem 0x00000000bddf0000-0x00000000bfffffff] reserved
[    0.000000] BIOS-e820: [mem 0x00000000fee00000-0x00000000fee00fff] reserved
[    0.000000] BIOS-e820: [mem 0x00000000fff00000-0x00000000ffffffff] reserved
[    0.000000] BIOS-e820: [mem 0x0000000100000000-0x000000013fffffff] usable
[    0.000000] NX (Execute Disable) protection: active
[    0.000000] SMBIOS 2.5 present.
[    0.000000] DMI: LENOVO 7514A2U/To be filled by O.E.M., BIOS 5HKT45AUS 10/22/2009
[    0.000000] e820: update [mem 0x00000000-0x00000fff] usable ==> reserved
[    0.000000] e820: remove [mem 0x000a0000-0x000fffff] usable
[    0.000000] No AGP bridge found
[    0.000000] e820: last_pfn = 0x140000 max_arch_pfn = 0x400000000
[    0.000000] MTRR default type: uncachable
[    0.000000] MTRR fixed ranges enabled:
[    0.000000]   00000-9FFFF write-back
[    0.000000]   A0000-BFFFF uncachable
[    0.000000]   C0000-CFFFF write-protect
[    0.000000]   D0000-DFFFF uncachable
[    0.000000]   E0000-EFFFF write-through
[    0.000000]   F0000-FFFFF write-protect
[    0.000000] MTRR variable ranges enabled:
[    0.000000]   0 base 000000000 mask F00000000 write-back
[    0.000000]   1 base 100000000 mask FC0000000 write-back
[    0.000000]   2 base 0C0000000 mask FC0000000 uncachable
[    0.000000]   3 base 0BDE00000 mask FFFE00000 uncachable
[    0.000000]   4 base 0BE000000 mask FFE000000 uncachable
[    0.000000]   5 disabled
[    0.000000]   6 disabled
[    0.000000]   7 disabled
[    0.000000] x86 PAT enabled: cpu 0, old 0x7040600070406, new 0x7010600070106
[    0.000000] original variable MTRRs
[    0.000000] reg 0, base: 0GB, range: 4GB, type WB
[    0.000000] reg 1, base: 4GB, range: 1GB, type WB
[    0.000000] reg 2, base: 3GB, range: 1GB, type UC
[    0.000000] reg 3, base: 3038MB, range: 2MB, type UC
[    0.000000] reg 4, base: 3040MB, range: 32MB, type UC
[    0.000000] total RAM covered: 4062M
[    0.000000] Found optimal setting for mtrr clean up
[    0.000000]  gran_size: 64K 	chunk_size: 64M 	num_reg: 5  	lose cover RAM: 0G
[    0.000000] New variable MTRRs
[    0.000000] reg 0, base: 0GB, range: 2GB, type WB
[    0.000000] reg 1, base: 2GB, range: 1GB, type WB
[    0.000000] reg 2, base: 3038MB, range: 2MB, type UC
[    0.000000] reg 3, base: 3040MB, range: 32MB, type UC
[    0.000000] reg 4, base: 4GB, range: 1GB, type WB
[    0.000000] e820: update [mem 0xbde00000-0xffffffff] usable ==> reserved
[    0.000000] e820: last_pfn = 0xbdda0 max_arch_pfn = 0x400000000
[    0.000000] found SMP MP-table at [mem 0x000ff780-0x000ff78f] mapped at [ffff8800000ff780]
[    0.000000] Scanning 1 areas for low memory corruption
[    0.000000] Base memory trampoline at [ffff880000099000] 99000 size 24576
[    0.000000] init_memory_mapping: [mem 0x00000000-0x000fffff]
[    0.000000]  [mem 0x00000000-0x000fffff] page 4k
[    0.000000] BRK [0x01fde000, 0x01fdefff] PGTABLE
[    0.000000] BRK [0x01fdf000, 0x01fdffff] PGTABLE
[    0.000000] BRK [0x01fe0000, 0x01fe0fff] PGTABLE
[    0.000000] init_memory_mapping: [mem 0x13fe00000-0x13fffffff]
[    0.000000]  [mem 0x13fe00000-0x13fffffff] page 2M
[    0.000000] BRK [0x01fe1000, 0x01fe1fff] PGTABLE
[    0.000000] init_memory_mapping: [mem 0x13c000000-0x13fdfffff]
[    0.000000]  [mem 0x13c000000-0x13fdfffff] page 2M
[    0.000000] init_memory_mapping: [mem 0x100000000-0x13bffffff]
[    0.000000]  [mem 0x100000000-0x13bffffff] page 2M
[    0.000000] init_memory_mapping: [mem 0x00100000-0xbdd9ffff]
[    0.000000]  [mem 0x00100000-0x001fffff] page 4k
[    0.000000]  [mem 0x00200000-0xbdbfffff] page 2M
[    0.000000]  [mem 0xbdc00000-0xbdd9ffff] page 4k
[    0.000000] RAMDISK: [mem 0x35b86000-0x36dbafff]
[    0.000000] ACPI: RSDP 00000000000f9ae0 000014 (v00 LENOVO)
[    0.000000] ACPI: RSDT 00000000bdda0000 000040 (v01 LENOVO TC-5H    0000012D MSFT 00000097)
[    0.000000] ACPI: FACP 00000000bdda0200 000084 (v01 LENOVO TC-5H    0000012D MSFT 00000097)
[    0.000000] ACPI: DSDT 00000000bdda05c0 0057C2 (v01 LENOVO TC-5H    0000012D INTL 20051117)
[    0.000000] ACPI: FACS 00000000bddae000 000040
[    0.000000] ACPI: APIC 00000000bdda0390 00006C (v01 LENOVO TC-5H    0000012D MSFT 00000097)
[    0.000000] ACPI: MCFG 00000000bdda0400 00003C (v01 LENOVO TC-5H    0000012D MSFT 00000097)
[    0.000000] ACPI: SLIC 00000000bdda0440 000176 (v01 LENOVO TC-5H    0000012D MSFT 00000097)
[    0.000000] ACPI: OEMB 00000000bddae040 000072 (v01 LENOVO TC-5H    0000012D MSFT 00000097)
[    0.000000] ACPI: HPET 00000000bdda85c0 000038 (v01 LENOVO TC-5H    0000012D MSFT 00000097)
[    0.000000] ACPI: SSDT 00000000bddae5c0 000A7C (v01 LENOVO TC-5H    0000012D INTL 20051117)
[    0.000000] ACPI: Local APIC address 0xfee00000
[    0.000000] No NUMA configuration found
[    0.000000] Faking a node at [mem 0x0000000000000000-0x000000013fffffff]
[    0.000000] Initmem setup node 0 [mem 0x00000000-0x13fffffff]
[    0.000000]   NODE_DATA [mem 0x13fff8000-0x13fffcfff]
[    0.000000]  [ffffea0000000000-ffffea0004ffffff] PMD -> [ffff88013b600000-ffff88013f5fffff] on node 0
[    0.000000] Zone ranges:
[    0.000000]   DMA      [mem 0x00001000-0x00ffffff]
[    0.000000]   DMA32    [mem 0x01000000-0xffffffff]
[    0.000000]   Normal   [mem 0x100000000-0x13fffffff]
[    0.000000] Movable zone start for each node
[    0.000000] Early memory node ranges
[    0.000000]   node   0: [mem 0x00001000-0x0009efff]
[    0.000000]   node   0: [mem 0x00100000-0xbdd9ffff]
[    0.000000]   node   0: [mem 0x100000000-0x13fffffff]
[    0.000000] On node 0 totalpages: 1039678
[    0.000000]   DMA zone: 64 pages used for memmap
[    0.000000]   DMA zone: 21 pages reserved
[    0.000000]   DMA zone: 3998 pages, LIFO batch:0
[    0.000000]   DMA32 zone: 12087 pages used for memmap
[    0.000000]   DMA32 zone: 773536 pages, LIFO batch:31
[    0.000000]   Normal zone: 4096 pages used for memmap
[    0.000000]   Normal zone: 262144 pages, LIFO batch:31
[    0.000000] ACPI: PM-Timer IO Port: 0x808
[    0.000000] ACPI: Local APIC address 0xfee00000
[    0.000000] ACPI: LAPIC (acpi_id[0x01] lapic_id[0x00] enabled)
[    0.000000] ACPI: LAPIC (acpi_id[0x02] lapic_id[0x01] enabled)
[    0.000000] ACPI: LAPIC (acpi_id[0x03] lapic_id[0x82] disabled)
[    0.000000] ACPI: LAPIC (acpi_id[0x04] lapic_id[0x83] disabled)
[    0.000000] ACPI: IOAPIC (id[0x02] address[0xfec00000] gsi_base[0])
[    0.000000] IOAPIC[0]: apic_id 2, version 32, address 0xfec00000, GSI 0-23
[    0.000000] ACPI: INT_SRC_OVR (bus 0 bus_irq 0 global_irq 2 dfl dfl)
[    0.000000] ACPI: INT_SRC_OVR (bus 0 bus_irq 9 global_irq 9 high level)
[    0.000000] ACPI: IRQ0 used by override.
[    0.000000] ACPI: IRQ2 used by override.
[    0.000000] ACPI: IRQ9 used by override.
[    0.000000] Using ACPI (MADT) for SMP configuration information
[    0.000000] ACPI: HPET id: 0xffffffff base: 0xfed00000
[    0.000000] smpboot: Allowing 4 CPUs, 2 hotplug CPUs
[    0.000000] nr_irqs_gsi: 40
[    0.000000] PM: Registered nosave memory: [mem 0x0009f000-0x0009ffff]
[    0.000000] PM: Registered nosave memory: [mem 0x000a0000-0x000dffff]
[    0.000000] PM: Registered nosave memory: [mem 0x000e0000-0x000fffff]
[    0.000000] PM: Registered nosave memory: [mem 0xbdda0000-0xbddadfff]
[    0.000000] PM: Registered nosave memory: [mem 0xbddae000-0xbddeffff]
[    0.000000] PM: Registered nosave memory: [mem 0xbddf0000-0xbfffffff]
[    0.000000] PM: Registered nosave memory: [mem 0xc0000000-0xfedfffff]
[    0.000000] PM: Registered nosave memory: [mem 0xfee00000-0xfee00fff]
[    0.000000] PM: Registered nosave memory: [mem 0xfee01000-0xffefffff]
[    0.000000] PM: Registered nosave memory: [mem 0xfff00000-0xffffffff]
[    0.000000] e820: [mem 0xc0000000-0xfedfffff] available for PCI devices
[    0.000000] Booting paravirtualized kernel on bare hardware
[    0.000000] setup_percpu: NR_CPUS:256 nr_cpumask_bits:256 nr_cpu_ids:4 nr_node_ids:1
[    0.000000] PERCPU: Embedded 29 pages/cpu @ffff88013fc00000 s86336 r8192 d24256 u524288
[    0.000000] pcpu-alloc: s86336 r8192 d24256 u524288 alloc=1*2097152
[    0.000000] pcpu-alloc: [0] 0 1 2 3 
[    0.000000] Built 1 zonelists in Node order, mobility grouping on.  Total pages: 1023410
[    0.000000] Policy zone: Normal
[    0.000000] Kernel command line: BOOT_IMAGE=/boot/vmlinuz-3.13.0-29-generic root=UUID=134e1f8c-f2d4-423a-ac8c-0776b017e35b ro quiet splash vt.handoff=7
[    0.000000] PID hash table entries: 4096 (order: 3, 32768 bytes)
[    0.000000] xsave: enabled xstate_bv 0x3, cntxt size 0x240
[    0.000000] Checking aperture...
[    0.000000] No AGP bridge found
[    0.000000] Calgary: detecting Calgary via BIOS EBDA area
[    0.000000] Calgary: Unable to locate Rio Grande table in EBDA - bailing!
[    0.000000] Memory: 3991380K/4158712K available (7356K kernel code, 1142K rwdata, 3396K rodata, 1332K init, 1440K bss, 167332K reserved)
[    0.000000] SLUB: HWalign=64, Order=0-3, MinObjects=0, CPUs=4, Nodes=1
[    0.000000] Hierarchical RCU implementation.
[    0.000000] 	RCU dyntick-idle grace-period acceleration is enabled.
[    0.000000] 	RCU restricting CPUs from NR_CPUS=256 to nr_cpu_ids=4.
[    0.000000] 	Offload RCU callbacks from all CPUs
[    0.000000] 	Offload RCU callbacks from CPUs: 0-3.
[    0.000000] NR_IRQS:16640 nr_irqs:712 16
[    0.000000] Console: colour dummy device 80x25
[    0.000000] console [tty0] enabled
[    0.000000] allocated 16777216 bytes of page_cgroup
[    0.000000] please try 'cgroup_disable=memory' option if you don't want memory cgroups
[    0.000000] hpet clockevent registered
[    0.000000] tsc: Fast TSC calibration using PIT
[    0.000000] tsc: Detected 2992.521 MHz processor
[    0.004003] Calibrating delay loop (skipped), value calculated using timer frequency.. 5985.04 BogoMIPS (lpj=11970084)
[    0.004006] pid_max: default: 32768 minimum: 301
[    0.004033] Security Framework initialized
[    0.004055] AppArmor: AppArmor initialized
[    0.004056] Yama: becoming mindful.
[    0.004385] Dentry cache hash table entries: 524288 (order: 10, 4194304 bytes)
[    0.009072] Inode-cache hash table entries: 262144 (order: 9, 2097152 bytes)
[    0.009865] Mount-cache hash table entries: 8192 (order: 4, 65536 bytes)
[    0.009872] Mountpoint-cache hash table entries: 8192 (order: 4, 65536 bytes)
[    0.010119] Initializing cgroup subsys memory
[    0.010128] Initializing cgroup subsys devices
[    0.010130] Initializing cgroup subsys freezer
[    0.010132] Initializing cgroup subsys blkio
[    0.010134] Initializing cgroup subsys perf_event
[    0.010136] Initializing cgroup subsys hugetlb
[    0.010158] CPU: Physical Processor ID: 0
[    0.010159] CPU: Processor Core ID: 0
[    0.010161] mce: CPU supports 6 MCE banks
[    0.010169] CPU0: Thermal monitoring enabled (TM2)
[    0.010175] Last level iTLB entries: 4KB 128, 2MB 4, 4MB 4
[    0.010175] Last level dTLB entries: 4KB 256, 2MB 0, 4MB 32
[    0.010175] tlb_flushall_shift: -1
[    0.010264] Freeing SMP alternatives memory: 32K (ffffffff81e6c000 - ffffffff81e74000)
[    0.011528] ACPI: Core revision 20131115
[    0.013513] ACPI: All ACPI Tables successfully acquired
[    0.016006] ftrace: allocating 28463 entries in 112 pages
[    0.024420] ..TIMER: vector=0x30 apic1=0 pin1=2 apic2=-1 pin2=-1
[    0.064753] smpboot: CPU0: Intel(R) Core(TM)2 Duo CPU     E8400  @ 3.00GHz (fam: 06, model: 17, stepping: 0a)
[    0.068000] Performance Events: PEBS fmt0+, 4-deep LBR, Core2 events, Intel PMU driver.
[    0.068000] ... version:                2
[    0.068000] ... bit width:              40
[    0.068000] ... generic registers:      2
[    0.068000] ... value mask:             000000ffffffffff
[    0.068000] ... max period:             000000007fffffff
[    0.068000] ... fixed-purpose events:   3
[    0.068000] ... event mask:             0000000700000003
[    0.068000] x86: Booting SMP configuration:
[    0.068000] .... node  #0, CPUs:      #1
[    0.080042] x86: Booted up 1 node, 2 CPUs
[    0.080045] smpboot: Total of 2 processors activated (11970.08 BogoMIPS)
[    0.080137] NMI watchdog: enabled on all CPUs, permanently consumes one hw-PMU counter.
[    0.082746] devtmpfs: initialized
[    0.090198] EVM: security.selinux
[    0.090200] EVM: security.SMACK64
[    0.090201] EVM: security.ima
[    0.090202] EVM: security.capability
[    0.090221] PM: Registering ACPI NVS region [mem 0xbddae000-0xbddeffff] (270336 bytes)
[    0.090221] pinctrl core: initialized pinctrl subsystem
[    0.090221] regulator-dummy: no parameters
[    0.090221] RTC time:  8:41:44, date: 08/18/14
[    0.090221] NET: Registered protocol family 16
[    0.090221] cpuidle: using governor ladder
[    0.090221] cpuidle: using governor menu
[    0.090221] ACPI: bus type PCI registered
[    0.090221] acpiphp: ACPI Hot Plug PCI Controller Driver version: 0.5
[    0.090221] PCI: MMCONFIG for domain 0000 [bus 00-ff] at [mem 0xe0000000-0xefffffff] (base 0xe0000000)
[    0.090221] PCI: not using MMCONFIG
[    0.090221] PCI: Using configuration type 1 for base access
[    0.092180] bio: create slab <bio-0> at 0
[    0.092180] ACPI: Added _OSI(Module Device)
[    0.092180] ACPI: Added _OSI(Processor Device)
[    0.092180] ACPI: Added _OSI(3.0 _SCP Extensions)
[    0.092180] ACPI: Added _OSI(Processor Aggregator Device)
[    0.093938] ACPI: Executed 1 blocks of module-level executable AML code
[    0.095388] ACPI BIOS Warning (bug): Incorrect checksum in table [SSDT] - 0xE9, should be 0xAE (20131115/tbprint-214)
[    0.095392] ACPI: SSDT 00000000bddae0c0 000277 (v01 LENOVO TC-5H    0000012D INTL 20051117)
[    0.095599] ACPI: Dynamic OEM Table Load:
[    0.095601] ACPI: SSDT           (null) 000277 (v01 LENOVO TC-5H    0000012D INTL 20051117)
[    0.096085] ACPI BIOS Warning (bug): Incorrect checksum in table [SSDT] - 0xE2, should be 0xA9 (20131115/tbprint-214)
[    0.096089] ACPI: SSDT 00000000bddae340 000277 (v01 LENOVO TC-5H    0000012D INTL 20051117)
[    0.096296] ACPI: Dynamic OEM Table Load:
[    0.096298] ACPI: SSDT           (null) 000277 (v01 LENOVO TC-5H    0000012D INTL 20051117)
[    0.096526] ACPI: Interpreter enabled
[    0.096531] ACPI Exception: AE_NOT_FOUND, While evaluating Sleep State [\_S1_] (20131115/hwxface-580)
[    0.096534] ACPI Exception: AE_NOT_FOUND, While evaluating Sleep State [\_S2_] (20131115/hwxface-580)
[    0.096545] ACPI: (supports S0 S3 S4 S5)
[    0.096547] ACPI: Using IOAPIC for interrupt routing
[    0.096563] PCI: MMCONFIG for domain 0000 [bus 00-ff] at [mem 0xe0000000-0xefffffff] (base 0xe0000000)
[    0.097508] PCI: MMCONFIG at [mem 0xe0000000-0xefffffff] reserved in ACPI motherboard resources
[    0.111801] PCI: Using host bridge windows from ACPI; if necessary, use "pci=nocrs" and report a bug
[    0.111883] ACPI: No dock devices found.
[    0.116629] ACPI: PCI Root Bridge [PCI0] (domain 0000 [bus 00-ff])
[    0.116635] acpi PNP0A08:00: _OSC: OS supports [ExtendedConfig ASPM ClockPM Segments MSI]
[    0.116804] acpi PNP0A08:00: _OSC: OS now controls [PCIeHotplug PME AER PCIeCapability]
[    0.117031] PCI host bridge to bus 0000:00
[    0.117033] pci_bus 0000:00: root bus resource [bus 00-ff]
[    0.117036] pci_bus 0000:00: root bus resource [io  0x0000-0x0cf7]
[    0.117037] pci_bus 0000:00: root bus resource [io  0x0d00-0xffff]
[    0.117039] pci_bus 0000:00: root bus resource [mem 0x000a0000-0x000bffff]
[    0.117042] pci_bus 0000:00: root bus resource [mem 0x000d0000-0x000dffff]
[    0.117044] pci_bus 0000:00: root bus resource [mem 0xbde00000-0xdfffffff]
[    0.117046] pci_bus 0000:00: root bus resource [mem 0xf0000000-0xffffffff]
[    0.117053] pci 0000:00:00.0: [8086:2e30] type 00 class 0x060000
[    0.117070] DMAR: Forcing write-buffer flush capability
[    0.117071] DMAR: Disabling IOMMU for graphics on this chipset
[    0.117130] pci 0000:00:02.0: [8086:2e32] type 00 class 0x030000
[    0.117140] pci 0000:00:02.0: reg 0x10: [mem 0xfe400000-0xfe7fffff 64bit]
[    0.117146] pci 0000:00:02.0: reg 0x18: [mem 0xd0000000-0xdfffffff 64bit pref]
[    0.117150] pci 0000:00:02.0: reg 0x20: [io  0xdc00-0xdc07]
[    0.117244] pci 0000:00:1b.0: [8086:27d8] type 00 class 0x040300
[    0.117256] pci 0000:00:1b.0: reg 0x10: [mem 0xfeaf8000-0xfeafbfff 64bit]
[    0.117312] pci 0000:00:1b.0: PME# supported from D0 D3hot D3cold
[    0.117374] pci 0000:00:1c.0: [8086:27d0] type 01 class 0x060400
[    0.117426] pci 0000:00:1c.0: PME# supported from D0 D3hot D3cold
[    0.117465] pci 0000:00:1c.0: System wakeup disabled by ACPI
[    0.117495] pci 0000:00:1c.1: [8086:27d2] type 01 class 0x060400
[    0.117551] pci 0000:00:1c.1: PME# supported from D0 D3hot D3cold
[    0.117589] pci 0000:00:1c.1: System wakeup disabled by ACPI
[    0.117620] pci 0000:00:1d.0: [8086:27c8] type 00 class 0x0c0300
[    0.117653] pci 0000:00:1d.0: reg 0x20: [io  0xd880-0xd89f]
[    0.117711] pci 0000:00:1d.0: System wakeup disabled by ACPI
[    0.117737] pci 0000:00:1d.1: [8086:27c9] type 00 class 0x0c0300
[    0.117770] pci 0000:00:1d.1: reg 0x20: [io  0xd800-0xd81f]
[    0.117828] pci 0000:00:1d.1: System wakeup disabled by ACPI
[    0.117854] pci 0000:00:1d.2: [8086:27ca] type 00 class 0x0c0300
[    0.117887] pci 0000:00:1d.2: reg 0x20: [io  0xd480-0xd49f]
[    0.117945] pci 0000:00:1d.2: System wakeup disabled by ACPI
[    0.117970] pci 0000:00:1d.3: [8086:27cb] type 00 class 0x0c0300
[    0.118003] pci 0000:00:1d.3: reg 0x20: [io  0xd400-0xd41f]
[    0.118061] pci 0000:00:1d.3: System wakeup disabled by ACPI
[    0.118094] pci 0000:00:1d.7: [8086:27cc] type 00 class 0x0c0320
[    0.118111] pci 0000:00:1d.7: reg 0x10: [mem 0xfeaf7c00-0xfeaf7fff]
[    0.118180] pci 0000:00:1d.7: PME# supported from D0 D3hot D3cold
[    0.118216] pci 0000:00:1d.7: System wakeup disabled by ACPI
[    0.118242] pci 0000:00:1e.0: [8086:244e] type 01 class 0x060401
[    0.118308] pci 0000:00:1e.0: System wakeup disabled by ACPI
[    0.118337] pci 0000:00:1f.0: [8086:27b8] type 00 class 0x060100
[    0.118405] pci 0000:00:1f.0: address space collision: [io  0x0800-0x087f] conflicts with ACPI CPU throttle [??? 0x00000810-0x00000815 flags 0x80000000]
[    0.118409] pci 0000:00:1f.0: quirk: [io  0x0480-0x04bf] claimed by ICH6 GPIO
[    0.118412] pci 0000:00:1f.0: ICH7 LPC Generic IO decode 1 PIO at 0a00 (mask 00ff)
[    0.118489] pci 0000:00:1f.1: [8086:27df] type 00 class 0x01018a
[    0.118500] pci 0000:00:1f.1: reg 0x10: [io  0x0000-0x0007]
[    0.118508] pci 0000:00:1f.1: reg 0x14: [io  0x0000-0x0003]
[    0.118515] pci 0000:00:1f.1: reg 0x18: [io  0x08f0-0x08f7]
[    0.118523] pci 0000:00:1f.1: reg 0x1c: [io  0x08f8-0x08fb]
[    0.118531] pci 0000:00:1f.1: reg 0x20: [io  0xffa0-0xffaf]
[    0.118600] pci 0000:00:1f.2: [8086:27c0] type 00 class 0x01018f
[    0.118611] pci 0000:00:1f.2: reg 0x10: [io  0xd080-0xd087]
[    0.118618] pci 0000:00:1f.2: reg 0x14: [io  0xd000-0xd003]
[    0.118624] pci 0000:00:1f.2: reg 0x18: [io  0xcc00-0xcc07]
[    0.118631] pci 0000:00:1f.2: reg 0x1c: [io  0xc880-0xc883]
[    0.118638] pci 0000:00:1f.2: reg 0x20: [io  0xc800-0xc80f]
[    0.118666] pci 0000:00:1f.2: PME# supported from D3hot
[    0.118721] pci 0000:00:1f.3: [8086:27da] type 00 class 0x0c0500
[    0.118765] pci 0000:00:1f.3: reg 0x20: [io  0x0400-0x041f]
[    0.118876] pci 0000:00:1c.0: PCI bridge to [bus 01]
[    0.118940] pci 0000:02:00.0: [11ab:4380] type 00 class 0x020000
[    0.118961] pci 0000:02:00.0: reg 0x10: [mem 0xfebfc000-0xfebfffff 64bit]
[    0.118972] pci 0000:02:00.0: reg 0x18: [io  0xe800-0xe8ff]
[    0.119010] pci 0000:02:00.0: reg 0x30: [mem 0xfebc0000-0xfebdffff pref]
[    0.119070] pci 0000:02:00.0: supports D1 D2
[    0.119072] pci 0000:02:00.0: PME# supported from D0 D1 D2 D3hot D3cold
[    0.124017] pci 0000:00:1c.1: PCI bridge to [bus 02]
[    0.124022] pci 0000:00:1c.1:   bridge window [io  0xe000-0xefff]
[    0.124026] pci 0000:00:1c.1:   bridge window [mem 0xfeb00000-0xfebfffff]
[    0.124105] pci 0000:00:1e.0: PCI bridge to [bus 03] (subtractive decode)
[    0.124115] pci 0000:00:1e.0:   bridge window [io  0x0000-0x0cf7] (subtractive decode)
[    0.124117] pci 0000:00:1e.0:   bridge window [io  0x0d00-0xffff] (subtractive decode)
[    0.124120] pci 0000:00:1e.0:   bridge window [mem 0x000a0000-0x000bffff] (subtractive decode)
[    0.124123] pci 0000:00:1e.0:   bridge window [mem 0x000d0000-0x000dffff] (subtractive decode)
[    0.124125] pci 0000:00:1e.0:   bridge window [mem 0xbde00000-0xdfffffff] (subtractive decode)
[    0.124128] pci 0000:00:1e.0:   bridge window [mem 0xf0000000-0xffffffff] (subtractive decode)
[    0.124725] ACPI: PCI Interrupt Link [LNKA] (IRQs 3 4 5 6 7 *10 11 12 14 15)
[    0.124771] ACPI: PCI Interrupt Link [LNKB] (IRQs 3 4 5 6 7 10 *11 12 14 15)
[    0.124816] ACPI: PCI Interrupt Link [LNKC] (IRQs 3 4 5 6 7 *10 11 12 14 15)
[    0.124861] ACPI: PCI Interrupt Link [LNKD] (IRQs 3 4 *5 6 7 10 11 12 14 15)
[    0.124906] ACPI: PCI Interrupt Link [LNKE] (IRQs 3 4 5 6 7 10 11 12 14 15) *0, disabled.
[    0.124954] ACPI: PCI Interrupt Link [LNKF] (IRQs 3 4 5 6 7 10 11 12 14 15) *0, disabled.
[    0.125000] ACPI: PCI Interrupt Link [LNKG] (IRQs 3 4 5 6 7 10 11 12 14 15) *0, disabled.
[    0.125045] ACPI: PCI Interrupt Link [LNKH] (IRQs *3 4 5 6 7 10 11 12 14 15)
[    0.125134] ACPI: Enabled 2 GPEs in block 00 to 1F
[    0.125140] ACPI: \_SB_.PCI0: notify handler is installed
[    0.125169] Found 1 acpi root devices
[    0.125229] vgaarb: device added: PCI:0000:00:02.0,decodes=io+mem,owns=io+mem,locks=none
[    0.125229] vgaarb: loaded
[    0.125229] vgaarb: bridge control possible 0000:00:02.0
[    0.125229] SCSI subsystem initialized
[    0.125229] libata version 3.00 loaded.
[    0.125229] ACPI: bus type USB registered
[    0.125229] usbcore: registered new interface driver usbfs
[    0.125229] usbcore: registered new interface driver hub
[    0.125229] usbcore: registered new device driver usb
[    0.125229] PCI: Using ACPI for IRQ routing
[    0.131213] PCI: pci_cache_line_size set to 64 bytes
[    0.131246] Expanded resource reserved due to conflict with PCI Bus 0000:00
[    0.131248] e820: reserve RAM buffer [mem 0x0009fc00-0x0009ffff]
[    0.131249] e820: reserve RAM buffer [mem 0xbdda0000-0xbfffffff]
[    0.131324] NetLabel: Initializing
[    0.131325] NetLabel:  domain hash size = 128
[    0.131326] NetLabel:  protocols = UNLABELED CIPSOv4
[    0.131338] NetLabel:  unlabeled traffic allowed by default
[    0.131348] HPET: 3 timers in total, 0 timers will be used for per-cpu timer
[    0.131348] hpet0: at MMIO 0xfed00000, IRQs 2, 8, 0
[    0.131348] hpet0: 3 comparators, 64-bit 14.318180 MHz counter
[    0.133010] Switched to clocksource hpet
[    0.137528] AppArmor: AppArmor Filesystem Enabled
[    0.137557] pnp: PnP ACPI init
[    0.137569] ACPI: bus type PNP registered
[    0.137635] system 00:00: [mem 0xfed14000-0xfed19fff] has been reserved
[    0.137637] system 00:00: [mem 0xfed90000-0xfed93fff] has been reserved
[    0.137641] system 00:00: Plug and Play ACPI device, IDs PNP0c01 (active)
[    0.137683] pnp 00:01: [dma 4]
[    0.137700] pnp 00:01: Plug and Play ACPI device, IDs PNP0200 (active)
[    0.137735] pnp 00:02: Plug and Play ACPI device, IDs PNP0b00 (active)
[    0.137755] pnp 00:03: Plug and Play ACPI device, IDs PNP0800 (active)
[    0.137781] pnp 00:04: Plug and Play ACPI device, IDs PNP0c04 (active)
[    0.137947] pnp 00:05: [dma 0 disabled]
[    0.137991] pnp 00:05: Plug and Play ACPI device, IDs PNP0501 (active)
[    0.138343] pnp 00:06: [dma 3]
[    0.138431] pnp 00:06: Plug and Play ACPI device, IDs PNP0401 (active)
[    0.138523] system 00:07: [io  0x0a00-0x0a7f] has been reserved
[    0.138526] system 00:07: Plug and Play ACPI device, IDs PNP0c02 (active)
[    0.138614] system 00:08: [io  0x04d0-0x04d1] has been reserved
[    0.138616] system 00:08: [io  0x0800-0x087f] could not be reserved
[    0.138618] system 00:08: [io  0x0480-0x04bf] has been reserved
[    0.138620] system 00:08: [mem 0xfed1c000-0xfed1ffff] has been reserved
[    0.138622] system 00:08: [mem 0xfed20000-0xfed8ffff] has been reserved
[    0.138625] system 00:08: Plug and Play ACPI device, IDs PNP0c02 (active)
[    0.138679] pnp 00:09: Plug and Play ACPI device, IDs PNP0103 (active)
[    0.138730] pnp 00:0a: Plug and Play ACPI device, IDs INT0800 (active)
[    0.138782] system 00:0b: [mem 0xffc00000-0xffefffff] has been reserved
[    0.138785] system 00:0b: Plug and Play ACPI device, IDs PNP0c02 (active)
[    0.138860] system 00:0c: [mem 0xfec00000-0xfec00fff] could not be reserved
[    0.138863] system 00:0c: [mem 0xfee00000-0xfee00fff] has been reserved
[    0.138865] system 00:0c: Plug and Play ACPI device, IDs PNP0c02 (active)
[    0.138911] system 00:0d: [mem 0xe0000000-0xefffffff] has been reserved
[    0.138913] system 00:0d: Plug and Play ACPI device, IDs PNP0c02 (active)
[    0.139050] system 00:0e: [mem 0x00000000-0x0009ffff] could not be reserved
[    0.139053] system 00:0e: [mem 0x000c0000-0x000cffff] could not be reserved
[    0.139055] system 00:0e: [mem 0x000e0000-0x000fffff] could not be reserved
[    0.139057] system 00:0e: [mem 0x00100000-0xbddfffff] could not be reserved
[    0.139060] system 00:0e: Plug and Play ACPI device, IDs PNP0c01 (active)
[    0.139158] pnp: PnP ACPI: found 15 devices
[    0.139160] ACPI: bus type PNP unregistered
[    0.145281] pci 0000:00:1c.0: bridge window [io  0x1000-0x0fff] to [bus 01] add_size 1000
[    0.145285] pci 0000:00:1c.0: bridge window [mem 0x00100000-0x000fffff 64bit pref] to [bus 01] add_size 200000
[    0.145289] pci 0000:00:1c.0: bridge window [mem 0x00100000-0x000fffff] to [bus 01] add_size 200000
[    0.145296] pci 0000:00:1c.1: bridge window [mem 0x00100000-0x000fffff 64bit pref] to [bus 02] add_size 200000
[    0.145305] pci 0000:00:1f.0: BAR 13: [io  0x0800-0x087f] has bogus alignment
[    0.145307] pci 0000:00:1c.0: res[14]=[mem 0x00100000-0x000fffff] get_res_add_size add_size 200000
[    0.145309] pci 0000:00:1c.0: res[15]=[mem 0x00100000-0x000fffff 64bit pref] get_res_add_size add_size 200000
[    0.145311] pci 0000:00:1c.1: res[15]=[mem 0x00100000-0x000fffff 64bit pref] get_res_add_size add_size 200000
[    0.145313] pci 0000:00:1c.0: res[13]=[io  0x1000-0x0fff] get_res_add_size add_size 1000
[    0.145318] pci 0000:00:1c.0: BAR 14: assigned [mem 0xc0000000-0xc01fffff]
[    0.145320] pci 0000:00:1c.0: BAR 15: assigned [mem 0xc0200000-0xc03fffff 64bit pref]
[    0.145323] pci 0000:00:1c.1: BAR 15: assigned [mem 0xc0400000-0xc05fffff 64bit pref]
[    0.145325] pci 0000:00:1c.0: BAR 13: assigned [io  0x1000-0x1fff]
[    0.145327] pci 0000:00:1c.0: PCI bridge to [bus 01]
[    0.145330] pci 0000:00:1c.0:   bridge window [io  0x1000-0x1fff]
[    0.145334] pci 0000:00:1c.0:   bridge window [mem 0xc0000000-0xc01fffff]
[    0.145338] pci 0000:00:1c.0:   bridge window [mem 0xc0200000-0xc03fffff 64bit pref]
[    0.145342] pci 0000:00:1c.1: PCI bridge to [bus 02]
[    0.145345] pci 0000:00:1c.1:   bridge window [io  0xe000-0xefff]
[    0.145349] pci 0000:00:1c.1:   bridge window [mem 0xfeb00000-0xfebfffff]
[    0.145352] pci 0000:00:1c.1:   bridge window [mem 0xc0400000-0xc05fffff 64bit pref]
[    0.145356] pci 0000:00:1e.0: PCI bridge to [bus 03]
[    0.145365] pci_bus 0000:00: resource 4 [io  0x0000-0x0cf7]
[    0.145367] pci_bus 0000:00: resource 5 [io  0x0d00-0xffff]
[    0.145369] pci_bus 0000:00: resource 6 [mem 0x000a0000-0x000bffff]
[    0.145371] pci_bus 0000:00: resource 7 [mem 0x000d0000-0x000dffff]
[    0.145372] pci_bus 0000:00: resource 8 [mem 0xbde00000-0xdfffffff]
[    0.145374] pci_bus 0000:00: resource 9 [mem 0xf0000000-0xffffffff]
[    0.145376] pci_bus 0000:01: resource 0 [io  0x1000-0x1fff]
[    0.145378] pci_bus 0000:01: resource 1 [mem 0xc0000000-0xc01fffff]
[    0.145380] pci_bus 0000:01: resource 2 [mem 0xc0200000-0xc03fffff 64bit pref]
[    0.145381] pci_bus 0000:02: resource 0 [io  0xe000-0xefff]
[    0.145383] pci_bus 0000:02: resource 1 [mem 0xfeb00000-0xfebfffff]
[    0.145385] pci_bus 0000:02: resource 2 [mem 0xc0400000-0xc05fffff 64bit pref]
[    0.145387] pci_bus 0000:03: resource 4 [io  0x0000-0x0cf7]
[    0.145389] pci_bus 0000:03: resource 5 [io  0x0d00-0xffff]
[    0.145390] pci_bus 0000:03: resource 6 [mem 0x000a0000-0x000bffff]
[    0.145392] pci_bus 0000:03: resource 7 [mem 0x000d0000-0x000dffff]
[    0.145394] pci_bus 0000:03: resource 8 [mem 0xbde00000-0xdfffffff]
[    0.145396] pci_bus 0000:03: resource 9 [mem 0xf0000000-0xffffffff]
[    0.145424] NET: Registered protocol family 2
[    0.145561] TCP established hash table entries: 32768 (order: 6, 262144 bytes)
[    0.145678] TCP bind hash table entries: 32768 (order: 7, 524288 bytes)
[    0.145847] TCP: Hash tables configured (established 32768 bind 32768)
[    0.145888] TCP: reno registered
[    0.145895] UDP hash table entries: 2048 (order: 4, 65536 bytes)
[    0.145924] UDP-Lite hash table entries: 2048 (order: 4, 65536 bytes)
[    0.145994] NET: Registered protocol family 1
[    0.146005] pci 0000:00:02.0: Boot video device
[    0.146509] PCI: CLS 32 bytes, default 64
[    0.146561] Trying to unpack rootfs image as initramfs...
[    0.419222] Freeing initrd memory: 18644K (ffff880035b86000 - ffff880036dbb000)
[    0.419230] PCI-DMA: Using software bounce buffering for IO (SWIOTLB)
[    0.419233] software IO TLB [mem 0xb9da0000-0xbdda0000] (64MB) mapped at [ffff8800b9da0000-ffff8800bdd9ffff]
[    0.419457] microcode: CPU0 sig=0x1067a, pf=0x1, revision=0xa07
[    0.419464] microcode: CPU1 sig=0x1067a, pf=0x1, revision=0xa07
[    0.419528] microcode: Microcode Update Driver: v2.00 <tigran@aivazian.fsnet.co.uk>, Peter Oruba
[    0.419530] Scanning for low memory corruption every 60 seconds
[    0.419755] Initialise system trusted keyring
[    0.419799] audit: initializing netlink socket (disabled)
[    0.419814] type=2000 audit(1408351304.416:1): initialized
[    0.443845] HugeTLB registered 2 MB page size, pre-allocated 0 pages
[    0.445051] zbud: loaded
[    0.445161] VFS: Disk quotas dquot_6.5.2
[    0.445200] Dquot-cache hash table entries: 512 (order 0, 4096 bytes)
[    0.445592] fuse init (API version 7.22)
[    0.445654] msgmni has been set to 7832
[    0.445704] Key type big_key registered
[    0.446003] Key type asymmetric registered
[    0.446005] Asymmetric key parser 'x509' registered
[    0.446033] Block layer SCSI generic (bsg) driver version 0.4 loaded (major 252)
[    0.446061] io scheduler noop registered
[    0.446063] io scheduler deadline registered (default)
[    0.446088] io scheduler cfq registered
[    0.446156] pcieport 0000:00:1c.0: enabling device (0104 -> 0107)
[    0.446267] pcieport 0000:00:1c.0: irq 40 for MSI/MSI-X
[    0.446393] pcieport 0000:00:1c.1: irq 41 for MSI/MSI-X
[    0.446475] pcieport 0000:00:1c.0: Signaling PME through PCIe PME interrupt
[    0.446480] pcie_pme 0000:00:1c.0:pcie01: service driver pcie_pme loaded
[    0.446496] pcieport 0000:00:1c.1: Signaling PME through PCIe PME interrupt
[    0.446498] pci 0000:02:00.0: Signaling PME through PCIe PME interrupt
[    0.446501] pcie_pme 0000:00:1c.1:pcie01: service driver pcie_pme loaded
[    0.446513] pci_hotplug: PCI Hot Plug PCI Core version: 0.5
[    0.446541] pciehp 0000:00:1c.0:pcie04: HPC vendor_id 8086 device_id 27d0 ss_vid 8086 ss_did 27d0
[    0.446563] pciehp 0000:00:1c.0:pcie04: service driver pciehp loaded
[    0.446572] pciehp 0000:00:1c.1:pcie04: HPC vendor_id 8086 device_id 27d2 ss_vid 8086 ss_did 27d2
[    0.446590] pciehp 0000:00:1c.1:pcie04: service driver pciehp loaded
[    0.446595] pciehp: PCI Express Hot Plug Controller Driver version: 0.4
[    0.446628] vesafb: mode is 1024x768x32, linelength=4096, pages=0
[    0.446629] vesafb: scrolling: redraw
[    0.446631] vesafb: Truecolor: size=8:8:8:8, shift=24:16:8:0
[    0.446819] vesafb: framebuffer at 0xd0000000, mapped to 0xffffc90010780000, using 3072k, total 3072k
[    0.465967] Console: switching to colour frame buffer device 128x48
[    0.485046] fb0: VESA VGA frame buffer device
[    0.485067] intel_idle: does not run on family 6 model 23
[    0.485072] ipmi message handler version 39.2
[    0.485138] input: Power Button as /devices/LNXSYSTM:00/device:00/PNP0C0C:00/input/input0
[    0.485143] ACPI: Power Button [PWRB]
[    0.485175] input: Power Button as /devices/LNXSYSTM:00/LNXPWRBN:00/input/input1
[    0.485178] ACPI: Power Button [PWRF]
[    0.485270] GHES: HEST is not enabled!
[    0.485337] Serial: 8250/16550 driver, 32 ports, IRQ sharing enabled
[    0.505688] 00:05: ttyS0 at I/O 0x3f8 (irq = 4, base_baud = 115200) is a 16550A
[    0.506803] Linux agpgart interface v0.103
[    0.506863] agpgart-intel 0000:00:00.0: Intel G41 Chipset
[    0.506905] agpgart-intel 0000:00:00.0: detected gtt size: 2097152K total, 262144K mappable
[    0.508198] agpgart-intel 0000:00:00.0: detected 32768K stolen memory
[    0.508305] agpgart-intel 0000:00:00.0: AGP aperture is 256M @ 0xd0000000
[    0.509443] brd: module loaded
[    0.510019] loop: module loaded
[    0.510130] ata_piix 0000:00:1f.1: version 2.13
[    0.510928] scsi0 : ata_piix
[    0.510984] scsi1 : ata_piix
[    0.511013] ata1: PATA max UDMA/100 cmd 0x1f0 ctl 0x3f6 bmdma 0xffa0 irq 14
[    0.511014] ata2: PATA max UDMA/100 cmd 0x170 ctl 0x376 bmdma 0xffa8 irq 15
[    0.511075] ata_piix 0000:00:1f.2: MAP [ P0 P2 P1 P3 ]
[    0.511919] scsi2 : ata_piix
[    0.511964] scsi3 : ata_piix
[    0.511992] ata3: SATA max UDMA/133 cmd 0xd080 ctl 0xd000 bmdma 0xc800 irq 19
[    0.511993] ata4: SATA max UDMA/133 cmd 0xcc00 ctl 0xc880 bmdma 0xc808 irq 19
[    0.512330] libphy: Fixed MDIO Bus: probed
[    0.512405] tun: Universal TUN/TAP device driver, 1.6
[    0.512406] tun: (C) 1999-2004 Max Krasnyansky <maxk@qualcomm.com>
[    0.512440] PPP generic driver version 2.4.2
[    0.512475] ehci_hcd: USB 2.0 'Enhanced' Host Controller (EHCI) Driver
[    0.512478] ehci-pci: EHCI PCI platform driver
[    0.512554] ehci-pci 0000:00:1d.7: EHCI Host Controller
[    0.512564] ehci-pci 0000:00:1d.7: new USB bus registered, assigned bus number 1
[    0.512575] ehci-pci 0000:00:1d.7: debug port 1
[    0.516467] ehci-pci 0000:00:1d.7: cache line size of 32 is not supported
[    0.516485] ehci-pci 0000:00:1d.7: irq 23, io mem 0xfeaf7c00
[    0.528016] ehci-pci 0000:00:1d.7: USB 2.0 started, EHCI 1.00
[    0.528072] usb usb1: New USB device found, idVendor=1d6b, idProduct=0002
[    0.528075] usb usb1: New USB device strings: Mfr=3, Product=2, SerialNumber=1
[    0.528078] usb usb1: Product: EHCI Host Controller
[    0.528080] usb usb1: Manufacturer: Linux 3.13.0-29-generic ehci_hcd
[    0.528083] usb usb1: SerialNumber: 0000:00:1d.7
[    0.528193] hub 1-0:1.0: USB hub found
[    0.528207] hub 1-0:1.0: 8 ports detected
[    0.528337] ehci-platform: EHCI generic platform driver
[    0.528344] ohci_hcd: USB 1.1 'Open' Host Controller (OHCI) Driver
[    0.528346] ohci-pci: OHCI PCI platform driver
[    0.528354] ohci-platform: OHCI generic platform driver
[    0.528361] uhci_hcd: USB Universal Host Controller Interface driver
[    0.528420] uhci_hcd 0000:00:1d.0: UHCI Host Controller
[    0.528424] uhci_hcd 0000:00:1d.0: new USB bus registered, assigned bus number 2
[    0.528444] uhci_hcd 0000:00:1d.0: irq 23, io base 0x0000d880
[    0.528485] usb usb2: New USB device found, idVendor=1d6b, idProduct=0001
[    0.528487] usb usb2: New USB device strings: Mfr=3, Product=2, SerialNumber=1
[    0.528489] usb usb2: Product: UHCI Host Controller
[    0.528491] usb usb2: Manufacturer: Linux 3.13.0-29-generic uhci_hcd
[    0.528492] usb usb2: SerialNumber: 0000:00:1d.0
[    0.528560] hub 2-0:1.0: USB hub found
[    0.528566] hub 2-0:1.0: 2 ports detected
[    0.528680] uhci_hcd 0000:00:1d.1: UHCI Host Controller
[    0.528685] uhci_hcd 0000:00:1d.1: new USB bus registered, assigned bus number 3
[    0.528703] uhci_hcd 0000:00:1d.1: irq 19, io base 0x0000d800
[    0.528743] usb usb3: New USB device found, idVendor=1d6b, idProduct=0001
[    0.528745] usb usb3: New USB device strings: Mfr=3, Product=2, SerialNumber=1
[    0.528747] usb usb3: Product: UHCI Host Controller
[    0.528748] usb usb3: Manufacturer: Linux 3.13.0-29-generic uhci_hcd
[    0.528750] usb usb3: SerialNumber: 0000:00:1d.1
[    0.528818] hub 3-0:1.0: USB hub found
[    0.528824] hub 3-0:1.0: 2 ports detected
[    0.528936] uhci_hcd 0000:00:1d.2: UHCI Host Controller
[    0.528941] uhci_hcd 0000:00:1d.2: new USB bus registered, assigned bus number 4
[    0.528969] uhci_hcd 0000:00:1d.2: irq 18, io base 0x0000d480
[    0.529008] usb usb4: New USB device found, idVendor=1d6b, idProduct=0001
[    0.529010] usb usb4: New USB device strings: Mfr=3, Product=2, SerialNumber=1
[    0.529011] usb usb4: Product: UHCI Host Controller
[    0.529013] usb usb4: Manufacturer: Linux 3.13.0-29-generic uhci_hcd
[    0.529015] usb usb4: SerialNumber: 0000:00:1d.2
[    0.529086] hub 4-0:1.0: USB hub found
[    0.529093] hub 4-0:1.0: 2 ports detected
[    0.529209] uhci_hcd 0000:00:1d.3: UHCI Host Controller
[    0.529214] uhci_hcd 0000:00:1d.3: new USB bus registered, assigned bus number 5
[    0.529240] uhci_hcd 0000:00:1d.3: irq 16, io base 0x0000d400
[    0.529278] usb usb5: New USB device found, idVendor=1d6b, idProduct=0001
[    0.529280] usb usb5: New USB device strings: Mfr=3, Product=2, SerialNumber=1
[    0.529282] usb usb5: Product: UHCI Host Controller
[    0.529283] usb usb5: Manufacturer: Linux 3.13.0-29-generic uhci_hcd
[    0.529285] usb usb5: SerialNumber: 0000:00:1d.3
[    0.529355] hub 5-0:1.0: USB hub found
[    0.529362] hub 5-0:1.0: 2 ports detected
[    0.529467] i8042: PNP: No PS/2 controller found. Probing ports directly.
[    0.532154] serio: i8042 KBD port at 0x60,0x64 irq 1
[    0.532158] serio: i8042 AUX port at 0x60,0x64 irq 12
[    0.532247] mousedev: PS/2 mouse device common for all mice
[    0.532352] rtc_cmos 00:02: RTC can wake from S4
[    0.532448] rtc_cmos 00:02: rtc core: registered rtc_cmos as rtc0
[    0.532469] rtc_cmos 00:02: alarms up to one month, y3k, 114 bytes nvram, hpet irqs
[    0.532520] device-mapper: uevent: version 1.0.3
[    0.532568] device-mapper: ioctl: 4.27.0-ioctl (2013-10-30) initialised: dm-devel@redhat.com
[    0.532574] ledtrig-cpu: registered to indicate activity on CPUs
[    0.532657] TCP: cubic registered
[    0.532735] NET: Registered protocol family 10
[    0.532878] NET: Registered protocol family 17
[    0.532887] Key type dns_resolver registered
[    0.533047] Loading compiled-in X.509 certificates
[    0.533921] Loaded X.509 cert 'Magrathea: Glacier signing key: 6602cb36f1313bea01c4bda96567cfa723c970d8'
[    0.533933] registered taskstats version 1
[    0.536070] Key type trusted registered
[    0.537762] Key type encrypted registered
[    0.539409] AppArmor: AppArmor sha1 policy hashing enabled
[    0.539412] IMA: No TPM chip found, activating TPM-bypass!
[    0.539566] regulator-dummy: disabling
[    0.539599]   Magic number: 10:344:675
[    0.539654] vtconsole vtcon0: hash matches
[    0.539684] rtc_cmos 00:02: setting system clock to 2014-08-18 08:41:45 UTC (1408351305)
[    0.539983] BIOS EDD facility v0.16 2004-Jun-25, 0 devices found
[    0.539985] EDD information not available.
[    0.540014] PM: Hibernation image not present or could not be loaded.
[    0.696125] ata3.00: ATA-7: ST3160815AS, 3.CHH, max UDMA/100
[    0.696129] ata3.00: 312581808 sectors, multi 16: LBA48 NCQ (depth 0/32)
[    0.696134] ata3.01: ATAPI: ATAPI   DVD A  DH16AAS, JL35, max UDMA/100
[    0.712121] ata3.00: configured for UDMA/100
[    0.728133] ata3.01: configured for UDMA/100
[    0.728928] scsi 2:0:0:0: Direct-Access     ATA      ST3160815AS      3.CH PQ: 0 ANSI: 5
[    0.729043] sd 2:0:0:0: [sda] 312581808 512-byte logical blocks: (160 GB/149 GiB)
[    0.729063] sd 2:0:0:0: Attached scsi generic sg0 type 0
[    0.729080] sd 2:0:0:0: [sda] Write Protect is off
[    0.729082] sd 2:0:0:0: [sda] Mode Sense: 00 3a 00 00
[    0.729101] sd 2:0:0:0: [sda] Write cache: enabled, read cache: enabled, doesn't support DPO or FUA
[    0.730150] scsi 2:0:1:0: CD-ROM            ATAPI    DVD A  DH16AAS   JL35 PQ: 0 ANSI: 5
[    0.733492] sr0: scsi3-mmc drive: 40x/40x writer dvd-ram cd/rw xa/form2 cdda tray
[    0.733495] cdrom: Uniform CD-ROM driver Revision: 3.20
[    0.733584] sr 2:0:1:0: Attached scsi CD-ROM sr0
[    0.733635] sr 2:0:1:0: Attached scsi generic sg1 type 5
[    0.777424]  sda: sda1 sda2 < sda5 >
[    0.777711] sd 2:0:0:0: [sda] Attached SCSI disk
[    0.778947] Freeing unused kernel memory: 1332K (ffffffff81d1f000 - ffffffff81e6c000)
[    0.778949] Write protecting the kernel read-only data: 12288k
[    0.780996] Freeing unused kernel memory: 824K (ffff880001732000 - ffff880001800000)
[    0.782596] Freeing unused kernel memory: 700K (ffff880001b51000 - ffff880001c00000)
[    0.793419] systemd-udevd[112]: starting version 204
[    0.814646] sky2: driver version 1.30
[    0.814760] sky2 0000:02:00.0: Yukon-2 UL 2 chip revision 0
[    0.814812] sky2 0000:02:00.0: irq 42 for MSI/MSI-X
[    0.815455] sky2 0000:02:00.0 eth0: addr 90:fb:a6:18:2e:33
[    1.080028] usb 4-1: new low-speed USB device number 2 using uhci_hcd
[    1.142404] EXT4-fs (sda1): mounted filesystem with ordered data mode. Opts: (null)
[    1.255003] usb 4-1: New USB device found, idVendor=413c, idProduct=2003
[    1.255007] usb 4-1: New USB device strings: Mfr=1, Product=2, SerialNumber=0
[    1.255010] usb 4-1: Product: Dell USB Keyboard
[    1.255013] usb 4-1: Manufacturer: Dell
[    1.416017] tsc: Refined TSC clocksource calibration: 2992.481 MHz
[    1.496026] usb 4-2: new low-speed USB device number 3 using uhci_hcd
[    1.671001] usb 4-2: New USB device found, idVendor=0461, idProduct=4e22
[    1.671005] usb 4-2: New USB device strings: Mfr=1, Product=2, SerialNumber=0
[    1.671007] usb 4-2: Product: USB Optical Mouse
[    1.671010] usb 4-2: Manufacturer: PixArt
[    1.910439] random: init urandom read with 98 bits of entropy available
[    2.416062] Switched to clocksource tsc
[    2.534833] random: nonblocking pool is initialized
[    4.129598] Adding 4157436k swap on /dev/sda5.  Priority:-1 extents:1 across:4157436k FS
[    5.197637] IPv6: ADDRCONF(NETDEV_UP): eth0: link is not ready
[    5.407295] systemd-udevd[279]: starting version 204
[    6.778193] lp: driver loaded but no devices found
[    6.874196] ppdev: user-space parallel port driver
[    6.915637] parport_pc 00:06: reported by Plug and Play ACPI
[    6.915687] parport0: PC-style at 0x378 (0x778), irq 7, dma 3 [PCSPP,TRISTATE,COMPAT,ECP,DMA]
[    7.012132] lp0: using parport0 (interrupt-driven).
[    8.241879] EXT4-fs (sda1): re-mounted. Opts: errors=remount-ro
[    8.944313] intel_rng: FWH not detected
[    9.493351] ACPI Warning: 0x0000000000000828-0x000000000000082f SystemIO conflicts with Region \PMRG 1 (20131115/utaddress-251)
[    9.493357] ACPI: If an ACPI driver is available for this device, you should use it instead of the native driver
[    9.493360] ACPI Warning: 0x0000000000000480-0x00000000000004af SystemIO conflicts with Region \_SB_.PCI0.SBRG.GPBK 1 (20131115/utaddress-251)
[    9.493363] ACPI: If an ACPI driver is available for this device, you should use it instead of the native driver
[    9.493384] lpc_ich: Resource conflict(s) found affecting gpio_ich
[    9.736356] leds_ss4200: no LED devices found
[    9.909004] [drm] Initialized drm 1.1.0 20060810
[    9.957471] gpio_ich: GPIO from 206 to 255 on gpio_ich
[   10.499978] hidraw: raw HID events driver (C) Jiri Kosina
[   10.674492] [drm] Memory usable by graphics device = 2048M
[   10.674496] checking generic (d0000000 300000) vs hw (d0000000 10000000)
[   10.674497] fb: conflicting fb hw usage inteldrmfb vs VESA VGA - removing generic driver
[   10.674530] Console: switching to colour dummy device 80x25
[   10.692872] i915 0000:00:02.0: irq 43 for MSI/MSI-X
[   10.692880] [drm] Supports vblank timestamp caching Rev 2 (21.10.2013).
[   10.692881] [drm] Driver supports precise vblank timestamp query.
[   10.692928] vgaarb: device changed decodes: PCI:0000:00:02.0,olddecodes=io+mem,decodes=io+mem:owns=io+mem
[   10.704139] usbcore: registered new interface driver usbhid
[   10.704141] usbhid: USB HID core driver
[   10.807655] input: Dell Dell USB Keyboard as /devices/pci0000:00/0000:00:1d.2/usb4/4-1/4-1:1.0/input/input5
[   10.808652] hid-generic 0003:413C:2003.0001: input,hidraw0: USB HID v1.10 Keyboard [Dell Dell USB Keyboard] on usb-0000:00:1d.2-1/input0
[   10.808861] input: PixArt USB Optical Mouse as /devices/pci0000:00/0000:00:1d.2/usb4/4-2/4-2:1.0/input/input6
[   10.808998] hid-generic 0003:0461:4E22.0002: input,hidraw1: USB HID v1.11 Mouse [PixArt USB Optical Mouse] on usb-0000:00:1d.2-2/input0
[   10.811269] fbcon: inteldrmfb (fb0) is primary device
[   10.880077] Console: switching to colour frame buffer device 180x56
[   10.882851] i915 0000:00:02.0: fb0: inteldrmfb frame buffer device
[   10.882853] i915 0000:00:02.0: registered panic notifier
[   10.882956] [drm] Initialized i915 1.6.0 20080730 for 0000:00:02.0 on minor 0
[   10.883168] snd_hda_intel 0000:00:1b.0: irq 44 for MSI/MSI-X
[   11.030222] SKU: Nid=0x1d sku_cfg=0x4004c601
[   11.030225] SKU: port_connectivity=0x1
[   11.030226] SKU: enable_pcbeep=0x0
[   11.030227] SKU: check_sum=0x00000004
[   11.030228] SKU: customization=0x000000c6
[   11.030229] SKU: external_amp=0x0
[   11.030230] SKU: platform_type=0x0
[   11.030231] SKU: swap=0x0
[   11.030232] SKU: override=0x1
[   11.030495] autoconfig: line_outs=1 (0x14/0x0/0x0/0x0/0x0) type:line
[   11.030497]    speaker_outs=1 (0x15/0x0/0x0/0x0/0x0)
[   11.030498]    hp_outs=1 (0x1b/0x0/0x0/0x0/0x0)
[   11.030499]    mono: mono_out=0x0
[   11.030500]    inputs:
[   11.030501]      Front Mic=0x19
[   11.030503]      Rear Mic=0x18
[   11.030504]      Line=0x1a
[   11.030505] realtek: No valid SSID, checking pincfg 0x4004c601 for NID 0x1d
[   11.030506] realtek: Enabling init ASM_ID=0xc601 CODEC_ID=10ec0662
[   11.038318] input: HDA Intel Front Headphone as /devices/pci0000:00/0000:00:1b.0/sound/card0/input11
[   11.038386] input: HDA Intel Line Out as /devices/pci0000:00/0000:00:1b.0/sound/card0/input10
[   11.038441] input: HDA Intel Line as /devices/pci0000:00/0000:00:1b.0/sound/card0/input9
[   11.038500] input: HDA Intel Rear Mic as /devices/pci0000:00/0000:00:1b.0/sound/card0/input8
[   11.038557] input: HDA Intel Front Mic as /devices/pci0000:00/0000:00:1b.0/sound/card0/input7
[   12.471949] type=1400 audit(1408351317.424:2): apparmor="STATUS" operation="profile_load" profile="unconfined" name="/sbin/dhclient" pid=374 comm="apparmor_parser"
[   12.471955] type=1400 audit(1408351317.424:3): apparmor="STATUS" operation="profile_load" profile="unconfined" name="/usr/lib/NetworkManager/nm-dhcp-client.action" pid=374 comm="apparmor_parser"
[   12.471959] type=1400 audit(1408351317.424:4): apparmor="STATUS" operation="profile_load" profile="unconfined" name="/usr/lib/connman/scripts/dhclient-script" pid=374 comm="apparmor_parser"
[   12.471967] type=1400 audit(1408351317.424:5): apparmor="STATUS" operation="profile_replace" profile="unconfined" name="/sbin/dhclient" pid=375 comm="apparmor_parser"
[   12.471972] type=1400 audit(1408351317.424:6): apparmor="STATUS" operation="profile_replace" profile="unconfined" name="/usr/lib/NetworkManager/nm-dhcp-client.action" pid=375 comm="apparmor_parser"
[   12.471976] type=1400 audit(1408351317.424:7): apparmor="STATUS" operation="profile_replace" profile="unconfined" name="/usr/lib/connman/scripts/dhclient-script" pid=375 comm="apparmor_parser"
[   12.472335] type=1400 audit(1408351317.428:8): apparmor="STATUS" operation="profile_replace" profile="unconfined" name="/usr/lib/NetworkManager/nm-dhcp-client.action" pid=374 comm="apparmor_parser"
[   12.472339] type=1400 audit(1408351317.428:9): apparmor="STATUS" operation="profile_replace" profile="unconfined" name="/usr/lib/connman/scripts/dhclient-script" pid=374 comm="apparmor_parser"
[   12.472350] type=1400 audit(1408351317.428:10): apparmor="STATUS" operation="profile_replace" profile="unconfined" name="/usr/lib/NetworkManager/nm-dhcp-client.action" pid=375 comm="apparmor_parser"
[   12.472354] type=1400 audit(1408351317.428:11): apparmor="STATUS" operation="profile_replace" profile="unconfined" name="/usr/lib/connman/scripts/dhclient-script" pid=375 comm="apparmor_parser"
[   13.660876] init: failsafe main process (507) killed by TERM signal
[   15.774432] Bluetooth: Core ver 2.17
[   15.774449] NET: Registered protocol family 31
[   15.774450] Bluetooth: HCI device and connection manager initialized
[   15.774462] Bluetooth: HCI socket layer initialized
[   15.774464] Bluetooth: L2CAP socket layer initialized
[   15.774467] Bluetooth: SCO socket layer initialized
[   15.915132] init: cups main process (711) killed by HUP signal
[   15.915144] init: cups main process ended, respawning
[   15.923792] Bluetooth: RFCOMM TTY layer initialized
[   15.923801] Bluetooth: RFCOMM socket layer initialized
[   15.923806] Bluetooth: RFCOMM ver 1.11
[   16.066026] Bluetooth: BNEP (Ethernet Emulation) ver 1.3
[   16.066028] Bluetooth: BNEP filters: protocol multicast
[   16.066037] Bluetooth: BNEP socket layer initialized
[   18.641031] audit_printk_skb: 15 callbacks suppressed
[   18.641034] type=1400 audit(1408351323.596:17): apparmor="STATUS" operation="profile_replace" profile="unconfined" name="/sbin/dhclient" pid=794 comm="apparmor_parser"
[   18.641040] type=1400 audit(1408351323.596:18): apparmor="STATUS" operation="profile_replace" profile="unconfined" name="/usr/lib/NetworkManager/nm-dhcp-client.action" pid=794 comm="apparmor_parser"
[   18.641045] type=1400 audit(1408351323.596:19): apparmor="STATUS" operation="profile_replace" profile="unconfined" name="/usr/lib/connman/scripts/dhclient-script" pid=794 comm="apparmor_parser"
[   18.641415] type=1400 audit(1408351323.596:20): apparmor="STATUS" operation="profile_replace" profile="unconfined" name="/usr/lib/NetworkManager/nm-dhcp-client.action" pid=794 comm="apparmor_parser"
[   18.641419] type=1400 audit(1408351323.596:21): apparmor="STATUS" operation="profile_replace" profile="unconfined" name="/usr/lib/connman/scripts/dhclient-script" pid=794 comm="apparmor_parser"
[   18.641608] type=1400 audit(1408351323.596:22): apparmor="STATUS" operation="profile_replace" profile="unconfined" name="/usr/lib/connman/scripts/dhclient-script" pid=794 comm="apparmor_parser"
[   18.663210] sky2 0000:02:00.0 eth0: enabling interface
[   18.663288] IPv6: ADDRCONF(NETDEV_UP): eth0: link is not ready
[   18.663676] IPv6: ADDRCONF(NETDEV_UP): eth0: link is not ready
[   18.740265] type=1400 audit(1408351323.696:23): apparmor="STATUS" operation="profile_load" profile="unconfined" name="/usr/lib/lightdm/lightdm-guest-session" pid=793 comm="apparmor_parser"
[   18.740284] type=1400 audit(1408351323.696:24): apparmor="STATUS" operation="profile_load" profile="unconfined" name="chromium" pid=793 comm="apparmor_parser"
[   18.740511] type=1400 audit(1408351323.696:25): apparmor="STATUS" operation="profile_replace" profile="unconfined" name="chromium" pid=793 comm="apparmor_parser"
[   18.764581] type=1400 audit(1408351323.720:26): apparmor="STATUS" operation="profile_load" profile="unconfined" name="/usr/bin/evince" pid=795 comm="apparmor_parser"
[   21.095742] sky2 0000:02:00.0 eth0: Link is up at 1000 Mbps, full duplex, flow control rx
[   21.095757] IPv6: ADDRCONF(NETDEV_CHANGE): eth0: link becomes ready
[   24.231479] init: plymouth-upstart-bridge main process ended, respawning
[   24.240345] init: plymouth-upstart-bridge main process ended, respawning
[   46.015325] audit_printk_skb: 123 callbacks suppressed
[   46.015329] type=1400 audit(1408351355.813:68): apparmor="STATUS" operation="profile_replace" profile="unconfined" name="/usr/lib/cups/backend/cups-pdf" pid=1610 comm="apparmor_parser"
[   46.015335] type=1400 audit(1408351355.813:69): apparmor="STATUS" operation="profile_replace" profile="unconfined" name="/usr/sbin/cupsd" pid=1610 comm="apparmor_parser"
[   46.015707] type=1400 audit(1408351355.813:70): apparmor="STATUS" operation="profile_replace" profile="unconfined" name="/usr/sbin/cupsd" pid=1610 comm="apparmor_parser"
[   83.409727] init: plymouth-stop pre-start process (1666) terminated with status 1
[ 1595.890454] type=1400 audit(1408352905.689:71): apparmor="STATUS" operation="profile_replace" profile="unconfined" name="/usr/lib/cups/backend/cups-pdf" pid=4850 comm="apparmor_parser"
[ 1595.890462] type=1400 audit(1408352905.689:72): apparmor="STATUS" operation="profile_replace" profile="unconfined" name="/usr/sbin/cupsd" pid=4850 comm="apparmor_parser"
[ 1595.890834] type=1400 audit(1408352905.689:73): apparmor="STATUS" operation="profile_replace" profile="unconfined" name="/usr/sbin/cupsd" pid=4850 comm="apparmor_parser"
[21492.325939] UDP: bad checksum. From 71.6.167.142:40000 to 128.223.6.43:44818 ulen 32
[156977.221570] perf samples too long (2508 > 2500), lowering kernel.perf_event_max_sample_rate to 50000
[447618.953622] signal_kernel: module verification failed: signature and/or  required key missing - tainting kernel
[447618.953836] into ksig_init
[447722.025268] pid = 25863
[447778.086579] exit ksig module
